OMCACHE_0.1
{
  global:
    omcache_init;
    omcache_free;
    omcache_strerror;

    omcache_set_buffering;
    omcache_reset_buffers;

    omcache_set_connect_timeout;
    omcache_set_reconnect_timeout;
    omcache_set_dead_timeout;
    omcache_set_send_buffer_max_size;
    omcache_set_recv_buffer_max_size;
    omcache_set_response_callback;
    omcache_set_servers;

    omcache_set_distribution_method;
    omcache_dist_libmemcached_ketama;
    omcache_dist_libmemcached_ketama_weighted;
    omcache_dist_libmemcached_ketama_pre1010;

    omcache_set_log_callback;
    omcache_log_stderr;

    omcache_command;
    omcache_command_status;
    omcache_io;
    omcache_poll_fds;

    omcache_server_index_for_key;
    omcache_server_info;
    omcache_server_info_free;

    omcache_noop;
    omcache_stat;
    omcache_flush_all;
    omcache_set;
    omcache_add;
    omcache_replace;
    omcache_increment;
    omcache_decrement;
    omcache_delete;
    omcache_get;
    omcache_get_multi;

  local: *;
};

OMCACHE_0.2
{
  global:
    omcache_append;
    omcache_prepend;
} OMCACHE_0.1;
